------------------------------------------------------------
Timing Analyzer Summary
------------------------------------------------------------

Type  : Slow 1100mV 85C Model Setup 'clk'
Slack : -13.446
TNS   : -68577.238

Type  : Slow 1100mV 85C Model Hold 'clk'
Slack : 0.384
TNS   : 0.000

Type  : Slow 1100mV 85C Model Minimum Pulse Width 'clk'
Slack : -2.174
TNS   : -20279.276

Type  : Slow 1100mV 0C Model Setup 'clk'
Slack : -13.177
TNS   : -66777.241

Type  : Slow 1100mV 0C Model Hold 'clk'
Slack : 0.384
TNS   : 0.000

Type  : Slow 1100mV 0C Model Minimum Pulse Width 'clk'
Slack : -2.174
TNS   : -20266.831

Type  : Fast 1100mV 85C Model Setup 'clk'
Slack : -7.921
TNS   : -40195.317

Type  : Fast 1100mV 85C Model Hold 'clk'
Slack : 0.210
TNS   : 0.000

Type  : Fast 1100mV 85C Model Minimum Pulse Width 'clk'
Slack : -2.174
TNS   : -19966.888

Type  : Fast 1100mV 0C Model Setup 'clk'
Slack : -7.051
TNS   : -35593.428

Type  : Fast 1100mV 0C Model Hold 'clk'
Slack : 0.200
TNS   : 0.000

Type  : Fast 1100mV 0C Model Minimum Pulse Width 'clk'
Slack : -2.174
TNS   : -19980.536

------------------------------------------------------------
